// Jest Snapshot v1, https://goo.gl/fbAQLP

exports[`deleteOthers removes everything that isn't connected or created in upsert 1`] = `
GraphQLSchema {
  "__allowedLegacyNames": Array [],
  "__validationErrors": undefined,
  "_directives": Array [
    "@include",
    "@skip",
    "@deprecated",
  ],
  "_implementations": Object {
    "Node": Array [
      "Query",
      "Child",
      "Parent",
    ],
  },
  "_mutationType": "Mutation",
  "_possibleTypeMap": Object {},
  "_queryType": "Query",
  "_subscriptionType": undefined,
  "_typeMap": Object {
    "Boolean": "Boolean",
    "Child": "Child",
    "ChildChildPkeyConnect": "ChildChildPkeyConnect",
    "ChildChildPkeyDelete": "ChildChildPkeyDelete",
    "ChildCondition": "ChildCondition",
    "ChildInput": "ChildInput",
    "ChildNodeIdConnect": "ChildNodeIdConnect",
    "ChildNodeIdDelete": "ChildNodeIdDelete",
    "ChildOnChildForChildParentFkeyNodeIdUpdate": "ChildOnChildForChildParentFkeyNodeIdUpdate",
    "ChildOnChildForChildParentFkeyUsingChildPkeyUpdate": "ChildOnChildForChildParentFkeyUsingChildPkeyUpdate",
    "ChildParentFkeyChildCreateInput": "ChildParentFkeyChildCreateInput",
    "ChildParentFkeyChildUpsertInput": "ChildParentFkeyChildUpsertInput",
    "ChildParentFkeyInput": "ChildParentFkeyInput",
    "ChildParentFkeyInverseInput": "ChildParentFkeyInverseInput",
    "ChildParentFkeyParentCreateInput": "ChildParentFkeyParentCreateInput",
    "ChildParentFkeyParentUpsertInput": "ChildParentFkeyParentUpsertInput",
    "ChildPatch": "ChildPatch",
    "ChildrenConnection": "ChildrenConnection",
    "ChildrenEdge": "ChildrenEdge",
    "ChildrenOrderBy": "ChildrenOrderBy",
    "CreateChildInput": "CreateChildInput",
    "CreateChildPayload": "CreateChildPayload",
    "CreateParentInput": "CreateParentInput",
    "CreateParentPayload": "CreateParentPayload",
    "Cursor": "Cursor",
    "DeleteChildByIdInput": "DeleteChildByIdInput",
    "DeleteChildInput": "DeleteChildInput",
    "DeleteChildPayload": "DeleteChildPayload",
    "DeleteParentByIdInput": "DeleteParentByIdInput",
    "DeleteParentInput": "DeleteParentInput",
    "DeleteParentPayload": "DeleteParentPayload",
    "ID": "ID",
    "Int": "Int",
    "Mutation": "Mutation",
    "Node": "Node",
    "PageInfo": "PageInfo",
    "Parent": "Parent",
    "ParentCondition": "ParentCondition",
    "ParentInput": "ParentInput",
    "ParentNodeIdConnect": "ParentNodeIdConnect",
    "ParentNodeIdDelete": "ParentNodeIdDelete",
    "ParentOnChildForChildParentFkeyNodeIdUpdate": "ParentOnChildForChildParentFkeyNodeIdUpdate",
    "ParentOnChildForChildParentFkeyUsingParentPkeyUpdate": "ParentOnChildForChildParentFkeyUsingParentPkeyUpdate",
    "ParentParentPkeyConnect": "ParentParentPkeyConnect",
    "ParentParentPkeyDelete": "ParentParentPkeyDelete",
    "ParentPatch": "ParentPatch",
    "ParentsConnection": "ParentsConnection",
    "ParentsEdge": "ParentsEdge",
    "ParentsOrderBy": "ParentsOrderBy",
    "Query": "Query",
    "String": "String",
    "UpdateChildByIdInput": "UpdateChildByIdInput",
    "UpdateChildInput": "UpdateChildInput",
    "UpdateChildPayload": "UpdateChildPayload",
    "UpdateParentByIdInput": "UpdateParentByIdInput",
    "UpdateParentInput": "UpdateParentInput",
    "UpdateParentPayload": "UpdateParentPayload",
    "__Directive": "__Directive",
    "__DirectiveLocation": "__DirectiveLocation",
    "__EnumValue": "__EnumValue",
    "__Field": "__Field",
    "__InputValue": "__InputValue",
    "__Schema": "__Schema",
    "__Type": "__Type",
    "__TypeKind": "__TypeKind",
    "updateChildOnChildForChildParentFkeyPatch": "updateChildOnChildForChildParentFkeyPatch",
    "updateParentOnChildForChildParentFkeyPatch": "updateParentOnChildForChildParentFkeyPatch",
  },
  "astNode": undefined,
  "extensionASTNodes": undefined,
  "extensions": undefined,
}
`;

exports[`ignore conflict when create is nested in upsert 1`] = `
GraphQLSchema {
  "__allowedLegacyNames": Array [],
  "__validationErrors": undefined,
  "_directives": Array [
    "@include",
    "@skip",
    "@deprecated",
  ],
  "_implementations": Object {
    "Node": Array [
      "Query",
      "Child",
      "Parent",
    ],
  },
  "_mutationType": "Mutation",
  "_possibleTypeMap": Object {},
  "_queryType": "Query",
  "_subscriptionType": undefined,
  "_typeMap": Object {
    "Boolean": "Boolean",
    "Child": "Child",
    "ChildChildPkeyConnect": "ChildChildPkeyConnect",
    "ChildChildPkeyDelete": "ChildChildPkeyDelete",
    "ChildCondition": "ChildCondition",
    "ChildInput": "ChildInput",
    "ChildNodeIdConnect": "ChildNodeIdConnect",
    "ChildNodeIdDelete": "ChildNodeIdDelete",
    "ChildOnChildForChildParentFkeyNodeIdUpdate": "ChildOnChildForChildParentFkeyNodeIdUpdate",
    "ChildOnChildForChildParentFkeyUsingChildPkeyUpdate": "ChildOnChildForChildParentFkeyUsingChildPkeyUpdate",
    "ChildParentFkeyChildCreateInput": "ChildParentFkeyChildCreateInput",
    "ChildParentFkeyChildUpsertInput": "ChildParentFkeyChildUpsertInput",
    "ChildParentFkeyInput": "ChildParentFkeyInput",
    "ChildParentFkeyInverseInput": "ChildParentFkeyInverseInput",
    "ChildParentFkeyParentCreateInput": "ChildParentFkeyParentCreateInput",
    "ChildParentFkeyParentUpsertInput": "ChildParentFkeyParentUpsertInput",
    "ChildPatch": "ChildPatch",
    "ChildrenConnection": "ChildrenConnection",
    "ChildrenEdge": "ChildrenEdge",
    "ChildrenOrderBy": "ChildrenOrderBy",
    "CreateChildInput": "CreateChildInput",
    "CreateChildPayload": "CreateChildPayload",
    "CreateParentInput": "CreateParentInput",
    "CreateParentPayload": "CreateParentPayload",
    "Cursor": "Cursor",
    "DeleteChildByIdInput": "DeleteChildByIdInput",
    "DeleteChildInput": "DeleteChildInput",
    "DeleteChildPayload": "DeleteChildPayload",
    "DeleteParentByIdInput": "DeleteParentByIdInput",
    "DeleteParentInput": "DeleteParentInput",
    "DeleteParentPayload": "DeleteParentPayload",
    "ID": "ID",
    "Int": "Int",
    "Mutation": "Mutation",
    "Node": "Node",
    "PageInfo": "PageInfo",
    "Parent": "Parent",
    "ParentCondition": "ParentCondition",
    "ParentInput": "ParentInput",
    "ParentNodeIdConnect": "ParentNodeIdConnect",
    "ParentNodeIdDelete": "ParentNodeIdDelete",
    "ParentOnChildForChildParentFkeyNodeIdUpdate": "ParentOnChildForChildParentFkeyNodeIdUpdate",
    "ParentOnChildForChildParentFkeyUsingParentPkeyUpdate": "ParentOnChildForChildParentFkeyUsingParentPkeyUpdate",
    "ParentParentPkeyConnect": "ParentParentPkeyConnect",
    "ParentParentPkeyDelete": "ParentParentPkeyDelete",
    "ParentPatch": "ParentPatch",
    "ParentsConnection": "ParentsConnection",
    "ParentsEdge": "ParentsEdge",
    "ParentsOrderBy": "ParentsOrderBy",
    "Query": "Query",
    "String": "String",
    "UpdateChildByIdInput": "UpdateChildByIdInput",
    "UpdateChildInput": "UpdateChildInput",
    "UpdateChildPayload": "UpdateChildPayload",
    "UpdateParentByIdInput": "UpdateParentByIdInput",
    "UpdateParentInput": "UpdateParentInput",
    "UpdateParentPayload": "UpdateParentPayload",
    "__Directive": "__Directive",
    "__DirectiveLocation": "__DirectiveLocation",
    "__EnumValue": "__EnumValue",
    "__Field": "__Field",
    "__InputValue": "__InputValue",
    "__Schema": "__Schema",
    "__Type": "__Type",
    "__TypeKind": "__TypeKind",
    "updateChildOnChildForChildParentFkeyPatch": "updateChildOnChildForChildParentFkeyPatch",
    "updateParentOnChildForChildParentFkeyPatch": "updateParentOnChildForChildParentFkeyPatch",
  },
  "astNode": undefined,
  "extensionASTNodes": undefined,
  "extensions": undefined,
}
`;
